hello world

Sayeed Mahdi Mousavi@DESKTOP-HNA8L8H MINGW64 ~/Desktop/git repository (master)
$ git init
Initialized empty Git repository in C:/Users/Sayeed Mahdi Mousavi/Desktop/git repository/.git/

Sayeed Mahdi Mousavi@DESKTOP-HNA8L8H MINGW64 ~/Desktop/git repository (master)
$ git status
On branch master

No commits yet

nothing to commit (create/copy files and use "git add" to track)

Sayeed Mahdi Mousavi@DESKTOP-HNA8L8H MINGW64 ~/Desktop/git repository (master)
$ git status
On branch master

No commits yet

Untracked files:
  (use "git add <file>..." to include in what will be committed)
        index.html.txt

nothing added to commit but untracked files present (use "git add" to track)

Sayeed Mahdi Mousavi@DESKTOP-HNA8L8H MINGW64 ~/Desktop/git repository (master)
$ git status
On branch master

No commits yet

Untracked files:
  (use "git add <file>..." to include in what will be committed)
        index.txt

nothing added to commit but untracked files present (use "git add" to track)

Sayeed Mahdi Mousavi@DESKTOP-HNA8L8H MINGW64 ~/Desktop/git repository (master)
$ git status
On branch master

No commits yet

Untracked files:
  (use "git add <file>..." to include in what will be committed)
        index.txt

nothing added to commit but untracked files present (use "git add" to track)

Sayeed Mahdi Mousavi@DESKTOP-HNA8L8H MINGW64 ~/Desktop/git repository (master)
$ git add .

Sayeed Mahdi Mousavi@DESKTOP-HNA8L8H MINGW64 ~/Desktop/git repository (master)
$ git status
On branch master

No commits yet

Changes to be committed:
  (use "git rm --cached <file>..." to unstage)
        new file:   index.txt


Sayeed Mahdi Mousavi@DESKTOP-HNA8L8H MINGW64 ~/Desktop/git repository (master)
$ git commit -m "this is not changes up to now"

*** Please tell me who you are.

Run

  git config --global user.email "you@example.com"
  git config --global user.name "Your Name"

to set your account's default identity.
Omit --global to set the identity only in this repository.

fatal: unable to auto-detect email address (got 'Sayeed Mahdi Mousavi@DESKTOP-HNA8L8H.(none)')

Sayeed Mahdi Mousavi@DESKTOP-HNA8L8H MINGW64 ~/Desktop/git repository (master)
$ git status
On branch master

No commits yet

Changes to be committed:
  (use "git rm --cached <file>..." to unstage)
        new file:   index.txt


Sayeed Mahdi Mousavi@DESKTOP-HNA8L8H MINGW64 ~/Desktop/git repository (master)
$ git commit -m "the massege"

*** Please tell me who you are.

Run

  git config --global user.email "you@example.com"
  git config --global user.name "Your Name"

to set your account's default identity.
Omit --global to set the identity only in this repository.

fatal: unable to auto-detect email address (got 'Sayeed Mahdi Mousavi@DESKTOP-HNA8L8H.(none)')

Sayeed Mahdi Mousavi@DESKTOP-HNA8L8H MINGW64 ~/Desktop/git repository (master)
$ ^C

Sayeed Mahdi Mousavi@DESKTOP-HNA8L8H MINGW64 ~/Desktop/git repository (master)
$ ^C

Sayeed Mahdi Mousavi@DESKTOP-HNA8L8H MINGW64 ~/Desktop/git repository (master)
$

Sayeed Mahdi Mousavi@DESKTOP-HNA8L8H MINGW64 ~/Desktop/git repository (master)
$

Sayeed Mahdi Mousavi@DESKTOP-HNA8L8H MINGW64 ~/Desktop/git repository (master)
$   git config --global user.email "you@example.com"

Sayeed Mahdi Mousavi@DESKTOP-HNA8L8H MINGW64 ~/Desktop/git repository (master)
$ git config --global user.email "sayeedmahdimousavi789@gmail.com"

Sayeed Mahdi Mousavi@DESKTOP-HNA8L8H MINGW64 ~/Desktop/git repository (master)
$ git config --global user.name "SayeedMahdi"

Sayeed Mahdi Mousavi@DESKTOP-HNA8L8H MINGW64 ~/Desktop/git repository (master)
$ git commit -m "this "
[master (root-commit) b19fb41] this
 1 file changed, 1 insertion(+)
 create mode 100644 index.txt

Sayeed Mahdi Mousavi@DESKTOP-HNA8L8H MINGW64 ~/Desktop/git repository (master)
$ git status
On branch master
nothing to commit, working tree clean

Sayeed Mahdi Mousavi@DESKTOP-HNA8L8H MINGW64 ~/Desktop/git repository (master)
